C51 COMPILER V9.55   NUMLED                                                                01/02/2021 06:05:40 PAGE 1   


C51 COMPILER V9.55, COMPILATION OF MODULE NUMLED
OBJECT MODULE PLACED IN .\Objects\NUMLED.obj
COMPILER INVOKED BY: C:\Keil_v5\C51\BIN\C51.EXE NUMLED\NUMLED.c OPTIMIZE(8,SPEED) BROWSE INCDIR(.\MAIN;.\I2C;.\QN8027;.\
                    -System;.\NUMLED) DEBUG OBJECTEXTEND PRINT(.\Listings\NUMLED.lst) OBJECT(.\Objects\NUMLED.obj)

line level    source

   1          #include "NUMLED.h"
   2          unsigned char leddata[]={0xC0,0xF9,0xA4,0xB0,0x99,0x92,0x82,0xF8,0x80,0x90};
   3                                  //"0"  "1"  "2"  "3"  "4"  "5"  "6"  "7"  "8"  "9"  
   4          /*******************************************************************************
   5          * 函数名         :Display_Voide(unsigned char NUM)
   6          * 函数功能       :在音量显示的数码管上显示当前的音量
   7          * 输入           :音量的值
   8          * 输出           :无
   9          *******************************************************************************/
  10          void Display_Voide(unsigned char NUM)
  11          {
  12   1          unsigned char NUM_GE,NUM_SHI;//GE，SHI分别代表各位和十位
  13   1          NUM_GE  = NUM % 10;
  14   1          NUM_SHI = NUM / 10;
  15   1          
  16   1          P0 = leddata[NUM_GE];//先输入个位的数形码
  17   1          VOIDE_2 = 1;//点亮音量的第一根数码管
  18   1          Delay_Ms_(1);//延时1ms后关掉
  19   1          VOIDE_2 = 0;
  20   1          
  21   1          P0 = leddata[NUM_SHI];//输入十位的数形码
  22   1          VOIDE_1 = 1;//点亮音量的第二根数码管
  23   1          Delay_Ms_(1);//延时1ms后关掉
  24   1          VOIDE_1 = 0;
  25   1      }
  26          /*******************************************************************************
  27          * 函数名         :Display_Frequency(int NUM)
  28          * 函数功能       :在音量显示的数码管上显示当前的频率
  29          * 输入           :频率的值
  30          * 输出           :无
  31          *******************************************************************************/
  32          void Display_Frequency(unsigned int NUM)
  33          {
  34   1          unsigned char NUM_GE,NUM_SHI,NUM_BAI;//分别表示MHz的个，十，百位
  35   1          NUM_BAI = NUM / 1000;
  36   1          NUM_SHI = (NUM % 1000) / 100;
  37   1          NUM_GE  = (NUM % 100) / 10;
  38   1          
  39   1          P0 = leddata[NUM_BAI];//输入百位的数形码
  40   1          F_1 = 1;//点亮频率显示的第一根数码管
  41   1          Delay_Ms_(1);//延时1ms后关掉
  42   1          F_1 = 0; 
  43   1          
  44   1          P0 = leddata[NUM_SHI];//输入十位的数形码
  45   1          F_2 = 1;//点亮频率显示的第二根数码管
  46   1          Delay_Ms_(1);//延时1ms后关掉
  47   1          F_2 = 0;
  48   1          
  49   1          P0 = leddata[NUM_GE];//输入个位的数形码
  50   1          F_3 = 1;//点亮频率显示的第三根数码管
  51   1          Delay_Ms_(1);//延时1ms后关掉
  52   1          F_3 = 0;
  53   1      }

C51 COMPILER V9.55   NUMLED                                                                01/02/2021 06:05:40 PAGE 2   


MODULE INFORMATION:   STATIC OVERLAYABLE
   CODE SIZE        =    177    ----
   CONSTANT SIZE    =   ----    ----
   XDATA SIZE       =   ----    ----
   PDATA SIZE       =   ----    ----
   DATA SIZE        =     10       4
   IDATA SIZE       =   ----    ----
   BIT SIZE         =   ----    ----
END OF MODULE INFORMATION.


C51 COMPILATION COMPLETE.  0 WARNING(S),  0 ERROR(S)
